Hello, main task!
main task sleep for 1\.[0-9]\+s
  tick 0
task 0 sleep 1 seconds (0) ...
task 1 sleep 2 seconds (0) ...
task 2 sleep 3 seconds (0) ...
task 3 sleep 4 seconds (0) ...
task 4 sleep 5 seconds (0) ...
  tick 1
  tick 2
task 0 actual sleep 1\.[0-9]\+s seconds (0).
task 0 sleep 1 seconds (1) ...
  tick 3
task 1 actual sleep 2\.[0-9]\+s seconds (0).
task 1 sleep 2 seconds (1) ...
  tick 4
task 0 actual sleep 1\.[0-9]\+s seconds (1).
task 0 sleep 1 seconds (2) ...
  tick 5
task 2 actual sleep 3\.[0-9]\+s seconds (0).
task 2 sleep 3 seconds (1) ...
  tick 6
task 0 actual sleep 1\.[0-9]\+s seconds (2).
  tick 7
task 1 actual sleep 2\.[0-9]\+s seconds (1).
task 1 sleep 2 seconds (2) ...
task 3 actual sleep 4\.[0-9]\+s seconds (0).
task 3 sleep 4 seconds (1) ...
  tick 8
  tick 9
task 4 actual sleep 5\.[0-9]\+s seconds (0).
task 4 sleep 5 seconds (1) ...
  tick 10
  tick 11
task 1 actual sleep 2\.[0-9]\+s seconds (2).
task 2 actual sleep 3\.[0-9]\+s seconds (1).
task 2 sleep 3 seconds (2) ...
  tick 12
  tick 13
  tick 14
  tick 15
task 3 actual sleep 4\.[0-9]\+s seconds (1).
task 3 sleep 4 seconds (2) ...
  tick 16
  tick 17
task 2 actual sleep 3\.[0-9]\+s seconds (2).
  tick 18
  tick 19
task 4 actual sleep 5\.[0-9]\+s seconds (1).
task 4 sleep 5 seconds (2) ...
  tick 20
  tick 21
  tick 22
  tick 23
task 3 actual sleep 4\.[0-9]\+s seconds (2).
  tick 24
  tick 25
  tick 26
  tick 27
  tick 28
  tick 29
task 4 actual sleep 5\.[0-9]\+s seconds (2).
Sleep tests run OK!
